// Vitest Snapshot v1, https://vitest.dev/guide/snapshot.html

exports[`page renders correctly 1`] = `
{
  "asFragment": [Function],
  "baseElement": <body>
    <div>
      <div>
        <nav
          class="mb-1 fs-7"
          style="--bs-breadcrumb-divider: '>';"
        >
          <ol
            class="breadcrumb my-auto"
          >
            <li
              class="breadcrumb-item  undefined"
            >
              <a
                href="/"
              >
                Persons
              </a>
            </li>
            <li
              class="breadcrumb-item active undefined"
            >
              Doe John
            </li>
          </ol>
        </nav>
        <div
          class="d-flex undefined"
        >
          <div
            class="flex-grow-1"
          >
            <div
              class="lead"
            >
              <span
                class="fs-4 me-2"
              >
                Doe John
              </span>
              <span
                class="fs-6"
              >
                2024-05-21
              </span>
            </div>
          </div>
          <div
            class="ps-4"
          >
            <div
              class="dropdown"
            >
              <button
                class="btn btn-primary btn-sm dropdown-toggle"
                data-bs-toggle="dropdown"
                type="button"
              >
                Actions
              </button>
              <ul
                class="dropdown-menu"
              >
                <li>
                  <a
                    class="dropdown-item"
                    href="#"
                  >
                    Rename
                  </a>
                </li>
              </ul>
            </div>
          </div>
        </div>
        <div
          class="row my-3"
        >
          <div
            class="col-sm-4"
          >
            <div
              class="card undefined"
            >
              <div
                class="card-header bg-body"
              >
                <div
                  class="d-flex"
                >
                  <div
                    class="lead fs-5"
                  >
                    Information
                  </div>
                  <div
                    class="ms-auto"
                  >
                    <a
                      class="fs-8 align-middle"
                      href="/edit"
                    >
                      <i
                        class="fa-solid fa-pencil pe-1"
                      />
                       Edit
                    </a>
                  </div>
                </div>
              </div>
              <div
                class="card-body undefined"
              >
                <pre
                  class="mb-0"
                >
                  {
  "sex": "M",
  "birth_date": "2024-05-21",
  "death_date": "2024-05-21",
  "death_date_estimated_indicator": true,
  "death_indicator": true,
  "id": 1
}
                </pre>
              </div>
            </div>
          </div>
        </div>
      </div>
    </div>
  </body>,
  "container": <div>
    <div>
      <nav
        class="mb-1 fs-7"
        style="--bs-breadcrumb-divider: '>';"
      >
        <ol
          class="breadcrumb my-auto"
        >
          <li
            class="breadcrumb-item  undefined"
          >
            <a
              href="/"
            >
              Persons
            </a>
          </li>
          <li
            class="breadcrumb-item active undefined"
          >
            Doe John
          </li>
        </ol>
      </nav>
      <div
        class="d-flex undefined"
      >
        <div
          class="flex-grow-1"
        >
          <div
            class="lead"
          >
            <span
              class="fs-4 me-2"
            >
              Doe John
            </span>
            <span
              class="fs-6"
            >
              2024-05-21
            </span>
          </div>
        </div>
        <div
          class="ps-4"
        >
          <div
            class="dropdown"
          >
            <button
              class="btn btn-primary btn-sm dropdown-toggle"
              data-bs-toggle="dropdown"
              type="button"
            >
              Actions
            </button>
            <ul
              class="dropdown-menu"
            >
              <li>
                <a
                  class="dropdown-item"
                  href="#"
                >
                  Rename
                </a>
              </li>
            </ul>
          </div>
        </div>
      </div>
      <div
        class="row my-3"
      >
        <div
          class="col-sm-4"
        >
          <div
            class="card undefined"
          >
            <div
              class="card-header bg-body"
            >
              <div
                class="d-flex"
              >
                <div
                  class="lead fs-5"
                >
                  Information
                </div>
                <div
                  class="ms-auto"
                >
                  <a
                    class="fs-8 align-middle"
                    href="/edit"
                  >
                    <i
                      class="fa-solid fa-pencil pe-1"
                    />
                     Edit
                  </a>
                </div>
              </div>
            </div>
            <div
              class="card-body undefined"
            >
              <pre
                class="mb-0"
              >
                {
  "sex": "M",
  "birth_date": "2024-05-21",
  "death_date": "2024-05-21",
  "death_date_estimated_indicator": true,
  "death_indicator": true,
  "id": 1
}
              </pre>
            </div>
          </div>
        </div>
      </div>
    </div>
  </div>,
  "debug": [Function],
  "findAllByAltText": [Function],
  "findAllByDisplayValue": [Function],
  "findAllByLabelText": [Function],
  "findAllByPlaceholderText": [Function],
  "findAllByRole": [Function],
  "findAllByTestId": [Function],
  "findAllByText": [Function],
  "findAllByTitle": [Function],
  "findByAltText": [Function],
  "findByDisplayValue": [Function],
  "findByLabelText": [Function],
  "findByPlaceholderText": [Function],
  "findByRole": [Function],
  "findByTestId": [Function],
  "findByText": [Function],
  "findByTitle": [Function],
  "getAllByAltText": [Function],
  "getAllByDisplayValue": [Function],
  "getAllByLabelText": [Function],
  "getAllByPlaceholderText": [Function],
  "getAllByRole": [Function],
  "getAllByTestId": [Function],
  "getAllByText": [Function],
  "getAllByTitle": [Function],
  "getByAltText": [Function],
  "getByDisplayValue": [Function],
  "getByLabelText": [Function],
  "getByPlaceholderText": [Function],
  "getByRole": [Function],
  "getByTestId": [Function],
  "getByText": [Function],
  "getByTitle": [Function],
  "queryAllByAltText": [Function],
  "queryAllByDisplayValue": [Function],
  "queryAllByLabelText": [Function],
  "queryAllByPlaceholderText": [Function],
  "queryAllByRole": [Function],
  "queryAllByTestId": [Function],
  "queryAllByText": [Function],
  "queryAllByTitle": [Function],
  "queryByAltText": [Function],
  "queryByDisplayValue": [Function],
  "queryByLabelText": [Function],
  "queryByPlaceholderText": [Function],
  "queryByRole": [Function],
  "queryByTestId": [Function],
  "queryByText": [Function],
  "queryByTitle": [Function],
  "rerender": [Function],
  "unmount": [Function],
}
`;
