// Vitest Snapshot v1, https://vitest.dev/guide/snapshot.html

exports[`person's name edit page renders correctly 1`] = `
{
  "asFragment": [Function],
  "baseElement": <body>
    <div>
      <div
        class="chakra-stack css-24ivmg"
      >
        <div
          class="chakra-stack css-1b5q7m6"
        >
          <b
            class="chakra-text css-1fqaqvh"
          >
            <a
              class=""
              href="/"
            >
              umdb
            </a>
          </b>
          <div
            class="chakra-stack css-1igwmid"
          >
            <a
              aria-current="page"
              class="active"
              href="/persons"
            >
              <p
                class="chakra-text css-19ner23"
              >
                Persons
              </p>
            </a>
          </div>
        </div>
        <div
          class="css-139mjay"
        >
          <nav
            aria-label="breadcrumb"
            class="chakra-breadcrumb css-0"
          >
            <ol
              class="chakra-breadcrumb__list css-70qvj9"
            >
              <li
                class="chakra-breadcrumb__list-item css-18biwo"
              >
                <a
                  class="chakra-breadcrumb__link css-0"
                  href="/persons/"
                >
                  Persons
                </a>
                <span
                  class="css-t4q1nq"
                  role="presentation"
                >
                  /
                </span>
              </li>
              <li
                class="chakra-breadcrumb__list-item css-18biwo"
              >
                <a
                  class="chakra-breadcrumb__link css-0"
                  href="/persons/1"
                >
                  Doe John
                </a>
                <span
                  class="css-t4q1nq"
                  role="presentation"
                >
                  /
                </span>
              </li>
              <li
                class="chakra-breadcrumb__list-item css-18biwo"
              >
                <a
                  aria-current="page"
                  class="chakra-breadcrumb__link css-0"
                  href="/persons/1/name/2/edit"
                >
                  Rename
                </a>
              </li>
            </ol>
          </nav>
        </div>
        <div
          class="css-139mjay"
        >
          <div
            class="chakra-stack css-24ivmg"
          >
            <div
              class="css-k008qs"
            >
              <p
                class="chakra-text css-1n9r2z"
              >
                Doe John
              </p>
              <div
                class="css-17xejub"
              />
              <button
                class="chakra-button css-4xx2wk"
                form="name-form"
                type="submit"
              >
                Save
              </button>
            </div>
            <div
              class="chakra-stack css-24ivmg"
            >
              <div
                class="chakra-card css-2dlz7"
              >
                <div
                  class="chakra-card__header css-0"
                >
                  <h2
                    class="chakra-heading css-0"
                  >
                    Edit information
                  </h2>
                </div>
                <div
                  class="chakra-card__body css-0"
                >
                  <form
                    id="name-form"
                  >
                    <div
                      class="chakra-stack css-24ivmg"
                    >
                      <div
                        class="chakra-stack css-1igwmid"
                      >
                        <div
                          class="chakra-form-control css-68zbsl"
                          role="group"
                        >
                          <label
                            class="chakra-form__label css-uvho5g"
                            for="field-:r0:"
                            id="field-:r0:-label"
                          >
                            Family
                          </label>
                          <input
                            class="chakra-input css-0"
                            id="field-:r0:"
                            name="family"
                          />
                        </div>
                        <div
                          class="chakra-form-control css-68zbsl"
                          role="group"
                        >
                          <label
                            class="chakra-form__label css-uvho5g"
                            for="field-:r1:"
                            id="field-:r1:-label"
                          >
                            Middle
                          </label>
                          <input
                            class="chakra-input css-0"
                            id="field-:r1:"
                            name="middle"
                          />
                        </div>
                        <div
                          class="chakra-form-control css-68zbsl"
                          role="group"
                        >
                          <label
                            class="chakra-form__label css-uvho5g"
                            for="field-:r2:"
                            id="field-:r2:-label"
                          >
                            Given
                          </label>
                          <input
                            class="chakra-input css-0"
                            id="field-:r2:"
                            name="given"
                          />
                        </div>
                      </div>
                      <details>
                        <summary>
                          Extra
                        </summary>
                        <div
                          class="chakra-stack css-1g2gf02"
                        >
                          <div
                            class="chakra-stack css-1igwmid"
                          >
                            <div
                              class="chakra-form-control css-rgf84b"
                              role="group"
                            >
                              <label
                                class="chakra-form__label css-uvho5g"
                                for="field-:r3:"
                                id="field-:r3:-label"
                              >
                                Prefix
                              </label>
                              <input
                                class="chakra-input css-0"
                                id="field-:r3:"
                                name="prefix"
                              />
                            </div>
                            <div
                              class="chakra-form-control css-rgf84b"
                              role="group"
                            >
                              <label
                                class="chakra-form__label css-uvho5g"
                                for="field-:r4:"
                                id="field-:r4:-label"
                              >
                                Suffix
                              </label>
                              <input
                                class="chakra-input css-0"
                                id="field-:r4:"
                                name="suffix"
                              />
                            </div>
                          </div>
                          <div
                            class="chakra-stack css-1igwmid"
                          >
                            <div
                              class="chakra-form-control css-68zbsl"
                              role="group"
                            >
                              <label
                                class="chakra-form__label css-uvho5g"
                                for="field-:r5:"
                                id="field-:r5:-label"
                              >
                                Patronymic
                              </label>
                              <input
                                class="chakra-input css-0"
                                id="field-:r5:"
                                name="patronymic"
                              />
                            </div>
                          </div>
                          <div
                            class="chakra-stack css-1igwmid"
                          >
                            <div
                              class="chakra-form-control css-68zbsl"
                              role="group"
                            >
                              <label
                                class="chakra-form__label css-uvho5g"
                                for="field-:r6:"
                                id="field-:r6:-label"
                              >
                                Use
                              </label>
                              <div
                                class="chakra-select__wrapper css-42b2qy"
                              >
                                <select
                                  class="chakra-select css-1ik61og"
                                  id="field-:r6:"
                                  name="use"
                                >
                                  <option
                                    value=""
                                  />
                                  <option
                                    value="official"
                                  >
                                    official
                                  </option>
                                  <option
                                    value="nickname"
                                  >
                                    nickname
                                  </option>
                                </select>
                                <div
                                  class="chakra-select__icon-wrapper css-162mkon"
                                >
                                  <svg
                                    aria-hidden="true"
                                    class="chakra-select__icon"
                                    focusable="false"
                                    role="presentation"
                                    style="width: 1em; height: 1em; color: currentColor;"
                                    viewBox="0 0 24 24"
                                  >
                                    <path
                                      d="M16.59 8.59L12 13.17 7.41 8.59 6 10l6 6 6-6z"
                                      fill="currentColor"
                                    />
                                  </svg>
                                </div>
                              </div>
                            </div>
                          </div>
                        </div>
                      </details>
                    </div>
                    <button
                      class="chakra-button css-1bpmanl"
                      type="submit"
                    >
                      Save
                    </button>
                  </form>
                </div>
              </div>
            </div>
          </div>
        </div>
      </div>
    </div>
  </body>,
  "container": <div>
    <div
      class="chakra-stack css-24ivmg"
    >
      <div
        class="chakra-stack css-1b5q7m6"
      >
        <b
          class="chakra-text css-1fqaqvh"
        >
          <a
            class=""
            href="/"
          >
            umdb
          </a>
        </b>
        <div
          class="chakra-stack css-1igwmid"
        >
          <a
            aria-current="page"
            class="active"
            href="/persons"
          >
            <p
              class="chakra-text css-19ner23"
            >
              Persons
            </p>
          </a>
        </div>
      </div>
      <div
        class="css-139mjay"
      >
        <nav
          aria-label="breadcrumb"
          class="chakra-breadcrumb css-0"
        >
          <ol
            class="chakra-breadcrumb__list css-70qvj9"
          >
            <li
              class="chakra-breadcrumb__list-item css-18biwo"
            >
              <a
                class="chakra-breadcrumb__link css-0"
                href="/persons/"
              >
                Persons
              </a>
              <span
                class="css-t4q1nq"
                role="presentation"
              >
                /
              </span>
            </li>
            <li
              class="chakra-breadcrumb__list-item css-18biwo"
            >
              <a
                class="chakra-breadcrumb__link css-0"
                href="/persons/1"
              >
                Doe John
              </a>
              <span
                class="css-t4q1nq"
                role="presentation"
              >
                /
              </span>
            </li>
            <li
              class="chakra-breadcrumb__list-item css-18biwo"
            >
              <a
                aria-current="page"
                class="chakra-breadcrumb__link css-0"
                href="/persons/1/name/2/edit"
              >
                Rename
              </a>
            </li>
          </ol>
        </nav>
      </div>
      <div
        class="css-139mjay"
      >
        <div
          class="chakra-stack css-24ivmg"
        >
          <div
            class="css-k008qs"
          >
            <p
              class="chakra-text css-1n9r2z"
            >
              Doe John
            </p>
            <div
              class="css-17xejub"
            />
            <button
              class="chakra-button css-4xx2wk"
              form="name-form"
              type="submit"
            >
              Save
            </button>
          </div>
          <div
            class="chakra-stack css-24ivmg"
          >
            <div
              class="chakra-card css-2dlz7"
            >
              <div
                class="chakra-card__header css-0"
              >
                <h2
                  class="chakra-heading css-0"
                >
                  Edit information
                </h2>
              </div>
              <div
                class="chakra-card__body css-0"
              >
                <form
                  id="name-form"
                >
                  <div
                    class="chakra-stack css-24ivmg"
                  >
                    <div
                      class="chakra-stack css-1igwmid"
                    >
                      <div
                        class="chakra-form-control css-68zbsl"
                        role="group"
                      >
                        <label
                          class="chakra-form__label css-uvho5g"
                          for="field-:r0:"
                          id="field-:r0:-label"
                        >
                          Family
                        </label>
                        <input
                          class="chakra-input css-0"
                          id="field-:r0:"
                          name="family"
                        />
                      </div>
                      <div
                        class="chakra-form-control css-68zbsl"
                        role="group"
                      >
                        <label
                          class="chakra-form__label css-uvho5g"
                          for="field-:r1:"
                          id="field-:r1:-label"
                        >
                          Middle
                        </label>
                        <input
                          class="chakra-input css-0"
                          id="field-:r1:"
                          name="middle"
                        />
                      </div>
                      <div
                        class="chakra-form-control css-68zbsl"
                        role="group"
                      >
                        <label
                          class="chakra-form__label css-uvho5g"
                          for="field-:r2:"
                          id="field-:r2:-label"
                        >
                          Given
                        </label>
                        <input
                          class="chakra-input css-0"
                          id="field-:r2:"
                          name="given"
                        />
                      </div>
                    </div>
                    <details>
                      <summary>
                        Extra
                      </summary>
                      <div
                        class="chakra-stack css-1g2gf02"
                      >
                        <div
                          class="chakra-stack css-1igwmid"
                        >
                          <div
                            class="chakra-form-control css-rgf84b"
                            role="group"
                          >
                            <label
                              class="chakra-form__label css-uvho5g"
                              for="field-:r3:"
                              id="field-:r3:-label"
                            >
                              Prefix
                            </label>
                            <input
                              class="chakra-input css-0"
                              id="field-:r3:"
                              name="prefix"
                            />
                          </div>
                          <div
                            class="chakra-form-control css-rgf84b"
                            role="group"
                          >
                            <label
                              class="chakra-form__label css-uvho5g"
                              for="field-:r4:"
                              id="field-:r4:-label"
                            >
                              Suffix
                            </label>
                            <input
                              class="chakra-input css-0"
                              id="field-:r4:"
                              name="suffix"
                            />
                          </div>
                        </div>
                        <div
                          class="chakra-stack css-1igwmid"
                        >
                          <div
                            class="chakra-form-control css-68zbsl"
                            role="group"
                          >
                            <label
                              class="chakra-form__label css-uvho5g"
                              for="field-:r5:"
                              id="field-:r5:-label"
                            >
                              Patronymic
                            </label>
                            <input
                              class="chakra-input css-0"
                              id="field-:r5:"
                              name="patronymic"
                            />
                          </div>
                        </div>
                        <div
                          class="chakra-stack css-1igwmid"
                        >
                          <div
                            class="chakra-form-control css-68zbsl"
                            role="group"
                          >
                            <label
                              class="chakra-form__label css-uvho5g"
                              for="field-:r6:"
                              id="field-:r6:-label"
                            >
                              Use
                            </label>
                            <div
                              class="chakra-select__wrapper css-42b2qy"
                            >
                              <select
                                class="chakra-select css-1ik61og"
                                id="field-:r6:"
                                name="use"
                              >
                                <option
                                  value=""
                                />
                                <option
                                  value="official"
                                >
                                  official
                                </option>
                                <option
                                  value="nickname"
                                >
                                  nickname
                                </option>
                              </select>
                              <div
                                class="chakra-select__icon-wrapper css-162mkon"
                              >
                                <svg
                                  aria-hidden="true"
                                  class="chakra-select__icon"
                                  focusable="false"
                                  role="presentation"
                                  style="width: 1em; height: 1em; color: currentColor;"
                                  viewBox="0 0 24 24"
                                >
                                  <path
                                    d="M16.59 8.59L12 13.17 7.41 8.59 6 10l6 6 6-6z"
                                    fill="currentColor"
                                  />
                                </svg>
                              </div>
                            </div>
                          </div>
                        </div>
                      </div>
                    </details>
                  </div>
                  <button
                    class="chakra-button css-1bpmanl"
                    type="submit"
                  >
                    Save
                  </button>
                </form>
              </div>
            </div>
          </div>
        </div>
      </div>
    </div>
  </div>,
  "debug": [Function],
  "findAllByAltText": [Function],
  "findAllByDisplayValue": [Function],
  "findAllByLabelText": [Function],
  "findAllByPlaceholderText": [Function],
  "findAllByRole": [Function],
  "findAllByTestId": [Function],
  "findAllByText": [Function],
  "findAllByTitle": [Function],
  "findByAltText": [Function],
  "findByDisplayValue": [Function],
  "findByLabelText": [Function],
  "findByPlaceholderText": [Function],
  "findByRole": [Function],
  "findByTestId": [Function],
  "findByText": [Function],
  "findByTitle": [Function],
  "getAllByAltText": [Function],
  "getAllByDisplayValue": [Function],
  "getAllByLabelText": [Function],
  "getAllByPlaceholderText": [Function],
  "getAllByRole": [Function],
  "getAllByTestId": [Function],
  "getAllByText": [Function],
  "getAllByTitle": [Function],
  "getByAltText": [Function],
  "getByDisplayValue": [Function],
  "getByLabelText": [Function],
  "getByPlaceholderText": [Function],
  "getByRole": [Function],
  "getByTestId": [Function],
  "getByText": [Function],
  "getByTitle": [Function],
  "queryAllByAltText": [Function],
  "queryAllByDisplayValue": [Function],
  "queryAllByLabelText": [Function],
  "queryAllByPlaceholderText": [Function],
  "queryAllByRole": [Function],
  "queryAllByTestId": [Function],
  "queryAllByText": [Function],
  "queryAllByTitle": [Function],
  "queryByAltText": [Function],
  "queryByDisplayValue": [Function],
  "queryByLabelText": [Function],
  "queryByPlaceholderText": [Function],
  "queryByRole": [Function],
  "queryByTestId": [Function],
  "queryByText": [Function],
  "queryByTitle": [Function],
  "rerender": [Function],
  "unmount": [Function],
}
`;
